2026-03-22T08:00:02Z [lrf-update] START
Skipping LRF update: 198 decisions < 200 minimum
2026-03-22T08:00:02Z [lrf-update] END exit=0
2026-03-29T08:00:04Z [lrf-update] START
LRF Weekly Update — 2026-W12
  Decisions analyzed: 382
  Clusters: 5 (3 trusted)
  Overall avg reward: 0.5000
  Cluster 0: size=127, avgReward=0.5000 (trusted)
  Cluster 1: size=94, avgReward=0.5000 (trusted)
  Cluster 2: size=113, avgReward=0.5000 (trusted)
  Cluster 3: size=30, avgReward=0.5000 (untrusted)
  Cluster 4: size=18, avgReward=0.5000 (untrusted)
  No promotions this week
2026-03-29T08:00:04Z [lrf-update] END exit=0
2026-04-05T08:00:05Z [lrf-update] START
LRF Weekly Update — 2026-W13
  Decisions analyzed: 206
  Clusters: 5 (3 trusted)
  Overall avg reward: 0.5000
  Cluster 0: size=81, avgReward=0.5000 (trusted)
  Cluster 1: size=8, avgReward=0.5000 (untrusted)
  Cluster 2: size=54, avgReward=0.5000 (trusted)
  Cluster 3: size=57, avgReward=0.5000 (trusted)
  Cluster 4: size=6, avgReward=0.5000 (untrusted)
  No promotions this week
2026-04-05T08:00:06Z [lrf-update] END exit=0
2026-04-12T08:00:05Z [lrf-update] START
Skipping LRF update: 94 decisions < 200 minimum
2026-04-12T08:00:05Z [lrf-update] END exit=0
2026-04-19T08:13:03Z [lrf-update] START
Skipping LRF update: 56 decisions < 200 minimum
2026-04-19T08:13:03Z [lrf-update] END exit=0
2026-04-26T08:00:00Z [lrf-update] START
Skipping LRF update: 24 decisions < 200 minimum
2026-04-26T08:00:01Z [lrf-update] END exit=0
2026-05-03T08:00:01Z [lrf-update] START
Skipping LRF update: 80 decisions < 200 minimum
2026-05-03T08:00:01Z [lrf-update] END exit=0
2026-05-10T08:00:01Z [lrf-update] START
2026-05-17T08:00:07Z [lrf-update] START
Skipping LRF update: 59 decisions < 200 minimum
2026-05-17T08:00:08Z [lrf-update] END exit=0
2026-05-24T08:00:00Z [lrf-update] START
Skipping LRF update: 63 decisions < 200 minimum
2026-05-24T08:00:00Z [lrf-update] END exit=0
2026-05-31T08:00:10Z [lrf-update] START
Skipping LRF update: 53 decisions < 200 minimum
2026-05-31T08:00:11Z [lrf-update] END exit=0
2026-06-07T08:00:03Z [lrf-update] START
Skipping LRF update: 41 decisions < 200 minimum
2026-06-07T08:00:03Z [lrf-update] END exit=0
2026-06-14T08:00:01Z [lrf-update] START
Skipping LRF update: 102 decisions < 200 minimum
2026-06-14T08:00:01Z [lrf-update] END exit=0
