2026-03-19T07:00:05Z [weight-snapshot] START
Snapshot saved: /Users/dicoangelo/projects/core/meta-vengine/data/weight-snapshots/2026-03-19.json
  Date: 2026-03-19
  Params: 48
  Promoted: False
  Avg reward: 0.0
  Reward variance: 0.0
  Exploration rate: 0.0
  Drift: 0.0
  History entries: 0
2026-03-19T07:00:05Z [weight-snapshot] END exit=0
2026-03-20T07:00:49Z [weight-snapshot] START
Snapshot saved: /Users/dicoangelo/projects/core/meta-vengine/data/weight-snapshots/2026-03-20.json
  Date: 2026-03-20
  Params: 48
  Promoted: False
  Avg reward: 0.0
  Reward variance: 0.0
  Exploration rate: 0.0
  Drift: 0.0
  History entries: 0
2026-03-20T07:00:49Z [weight-snapshot] END exit=0
2026-03-21T07:00:05Z [weight-snapshot] START
Snapshot saved: /Users/dicoangelo/projects/core/meta-vengine/data/weight-snapshots/2026-03-21.json
  Date: 2026-03-21
  Params: 48
  Promoted: False
  Avg reward: 0.0
  Reward variance: 0.0
  Exploration rate: 0.0
  Drift: 0.0
  History entries: 0
2026-03-21T07:00:05Z [weight-snapshot] END exit=0
2026-03-22T07:00:05Z [weight-snapshot] START
Snapshot saved: /Users/dicoangelo/projects/core/meta-vengine/data/weight-snapshots/2026-03-22.json
  Date: 2026-03-22
  Params: 48
  Promoted: False
  Avg reward: 0.0
  Reward variance: 0.0
  Exploration rate: 0.0
  Drift: 0.0
  History entries: 0
2026-03-22T07:00:05Z [weight-snapshot] END exit=0
2026-03-23T07:07:00Z [weight-snapshot] START
Snapshot saved: /Users/dicoangelo/projects/core/meta-vengine/data/weight-snapshots/2026-03-23.json
  Date: 2026-03-23
  Params: 48
  Promoted: False
  Avg reward: 0.0
  Reward variance: 0.0
  Exploration rate: 0.0
  Drift: 0.0
  History entries: 0
2026-03-23T07:07:00Z [weight-snapshot] END exit=0
2026-03-24T07:00:05Z [weight-snapshot] START
Snapshot saved: /Users/dicoangelo/projects/core/meta-vengine/data/weight-snapshots/2026-03-24.json
  Date: 2026-03-24
  Params: 48
  Promoted: False
  Avg reward: 0.0
  Reward variance: 0.0
  Exploration rate: 0.0
  Drift: 0.0
  History entries: 0
2026-03-24T07:00:05Z [weight-snapshot] END exit=0
2026-03-25T07:00:05Z [weight-snapshot] START
Snapshot saved: /Users/dicoangelo/projects/core/meta-vengine/data/weight-snapshots/2026-03-25.json
  Date: 2026-03-25
  Params: 48
  Promoted: False
  Avg reward: 0.0
  Reward variance: 0.0
  Exploration rate: 0.0
  Drift: 0.0
  History entries: 0
2026-03-25T07:00:05Z [weight-snapshot] END exit=0
2026-03-26T07:00:00Z [weight-snapshot] START
Snapshot saved: /Users/dicoangelo/projects/core/meta-vengine/data/weight-snapshots/2026-03-26.json
  Date: 2026-03-26
  Params: 48
  Promoted: False
  Avg reward: 0.0
  Reward variance: 0.0
  Exploration rate: 0.0
  Drift: 0.0
  History entries: 0
2026-03-26T07:00:00Z [weight-snapshot] END exit=0
2026-03-27T07:00:04Z [weight-snapshot] START
Snapshot saved: /Users/dicoangelo/projects/core/meta-vengine/data/weight-snapshots/2026-03-27.json
  Date: 2026-03-27
  Params: 48
  Promoted: False
  Avg reward: 0.0
  Reward variance: 0.0
  Exploration rate: 0.0
  Drift: 0.0
  History entries: 0
2026-03-27T07:00:04Z [weight-snapshot] END exit=0
2026-03-28T07:00:03Z [weight-snapshot] START
Snapshot saved: /Users/dicoangelo/projects/core/meta-vengine/data/weight-snapshots/2026-03-28.json
  Date: 2026-03-28
  Params: 48
  Promoted: False
  Avg reward: 0.0
  Reward variance: 0.0
  Exploration rate: 0.0
  Drift: 0.0
  History entries: 0
2026-03-28T07:00:03Z [weight-snapshot] END exit=0
2026-03-29T07:00:04Z [weight-snapshot] START
Snapshot saved: /Users/dicoangelo/projects/core/meta-vengine/data/weight-snapshots/2026-03-29.json
  Date: 2026-03-29
  Params: 48
  Promoted: False
  Avg reward: 0.0
  Reward variance: 0.0
  Exploration rate: 0.0
  Drift: 0.0
  History entries: 0
2026-03-29T07:00:04Z [weight-snapshot] END exit=0
2026-03-30T07:00:00Z [weight-snapshot] START
Snapshot saved: /Users/dicoangelo/projects/core/meta-vengine/data/weight-snapshots/2026-03-30.json
  Date: 2026-03-30
  Params: 48
  Promoted: False
  Avg reward: 0.0
  Reward variance: 0.0
  Exploration rate: 0.0
  Drift: 0.0
  History entries: 0
2026-03-30T07:00:00Z [weight-snapshot] END exit=0
2026-03-31T07:00:06Z [weight-snapshot] START
Snapshot saved: /Users/dicoangelo/projects/core/meta-vengine/data/weight-snapshots/2026-03-31.json
  Date: 2026-03-31
  Params: 48
  Promoted: False
  Avg reward: 0.0
  Reward variance: 0.0
  Exploration rate: 0.0
  Drift: 0.0
  History entries: 0
2026-03-31T07:00:06Z [weight-snapshot] END exit=0
2026-04-01T07:07:28Z [weight-snapshot] START
Snapshot saved: /Users/dicoangelo/projects/core/meta-vengine/data/weight-snapshots/2026-04-01.json
  Date: 2026-04-01
  Params: 48
  Promoted: False
  Avg reward: 0.0
  Reward variance: 0.0
  Exploration rate: 0.0
  Drift: 0.0
  History entries: 0
2026-04-01T07:07:28Z [weight-snapshot] END exit=0
2026-04-02T07:01:42Z [weight-snapshot] START
Snapshot saved: /Users/dicoangelo/projects/core/meta-vengine/data/weight-snapshots/2026-04-02.json
  Date: 2026-04-02
  Params: 48
  Promoted: False
  Avg reward: 0.0
  Reward variance: 0.0
  Exploration rate: 0.0
  Drift: 0.0
  History entries: 0
2026-04-02T07:01:42Z [weight-snapshot] END exit=0
2026-04-03T07:02:43Z [weight-snapshot] START
Snapshot saved: /Users/dicoangelo/projects/core/meta-vengine/data/weight-snapshots/2026-04-03.json
  Date: 2026-04-03
  Params: 48
  Promoted: False
  Avg reward: 0.0
  Reward variance: 0.0
  Exploration rate: 0.0
  Drift: 0.0
  History entries: 0
2026-04-03T07:02:43Z [weight-snapshot] END exit=0
2026-04-04T07:00:00Z [weight-snapshot] START
Snapshot saved: /Users/dicoangelo/projects/core/meta-vengine/data/weight-snapshots/2026-04-04.json
  Date: 2026-04-04
  Params: 48
  Promoted: False
  Avg reward: 0.0
  Reward variance: 0.0
  Exploration rate: 0.0
  Drift: 0.0
  History entries: 0
2026-04-04T07:00:00Z [weight-snapshot] END exit=0
2026-04-05T07:00:05Z [weight-snapshot] START
Snapshot saved: /Users/dicoangelo/projects/core/meta-vengine/data/weight-snapshots/2026-04-05.json
  Date: 2026-04-05
  Params: 48
  Promoted: False
  Avg reward: 0.0
  Reward variance: 0.0
  Exploration rate: 0.0
  Drift: 0.0
  History entries: 0
2026-04-05T07:00:05Z [weight-snapshot] END exit=0
2026-04-06T07:00:03Z [weight-snapshot] START
Snapshot saved: /Users/dicoangelo/projects/core/meta-vengine/data/weight-snapshots/2026-04-06.json
  Date: 2026-04-06
  Params: 48
  Promoted: False
  Avg reward: 0.0
  Reward variance: 0.0
  Exploration rate: 0.0
  Drift: 0.0
  History entries: 0
2026-04-06T07:00:03Z [weight-snapshot] END exit=0
2026-04-07T07:00:02Z [weight-snapshot] START
Snapshot saved: /Users/dicoangelo/projects/core/meta-vengine/data/weight-snapshots/2026-04-07.json
  Date: 2026-04-07
  Params: 48
  Promoted: False
  Avg reward: 0.0
  Reward variance: 0.0
  Exploration rate: 0.0
  Drift: 0.0
  History entries: 0
2026-04-07T07:00:02Z [weight-snapshot] END exit=0
2026-04-08T07:00:05Z [weight-snapshot] START
Snapshot saved: /Users/dicoangelo/projects/core/meta-vengine/data/weight-snapshots/2026-04-08.json
  Date: 2026-04-08
  Params: 48
  Promoted: False
  Avg reward: 0.0
  Reward variance: 0.0
  Exploration rate: 0.0
  Drift: 0.0
  History entries: 0
2026-04-08T07:00:05Z [weight-snapshot] END exit=0
2026-04-09T07:00:05Z [weight-snapshot] START
Snapshot saved: /Users/dicoangelo/projects/core/meta-vengine/data/weight-snapshots/2026-04-09.json
  Date: 2026-04-09
  Params: 48
  Promoted: False
  Avg reward: 0.0
  Reward variance: 0.0
  Exploration rate: 0.0
  Drift: 0.0
  History entries: 0
2026-04-09T07:00:05Z [weight-snapshot] END exit=0
2026-04-10T07:00:05Z [weight-snapshot] START
Snapshot saved: /Users/dicoangelo/projects/core/meta-vengine/data/weight-snapshots/2026-04-10.json
  Date: 2026-04-10
  Params: 48
  Promoted: False
  Avg reward: 0.0
  Reward variance: 0.0
  Exploration rate: 0.0
  Drift: 0.0
  History entries: 0
2026-04-10T07:00:05Z [weight-snapshot] END exit=0
2026-04-11T07:00:05Z [weight-snapshot] START
Snapshot saved: /Users/dicoangelo/projects/core/meta-vengine/data/weight-snapshots/2026-04-11.json
  Date: 2026-04-11
  Params: 48
  Promoted: False
  Avg reward: 0.0
  Reward variance: 0.0
  Exploration rate: 0.0
  Drift: 0.0
  History entries: 0
2026-04-11T07:00:05Z [weight-snapshot] END exit=0
2026-04-12T07:00:05Z [weight-snapshot] START
Snapshot saved: /Users/dicoangelo/projects/core/meta-vengine/data/weight-snapshots/2026-04-12.json
  Date: 2026-04-12
  Params: 48
  Promoted: False
  Avg reward: 0.0
  Reward variance: 0.0
  Exploration rate: 0.0
  Drift: 0.0
  History entries: 0
2026-04-12T07:00:05Z [weight-snapshot] END exit=0
2026-04-13T07:00:05Z [weight-snapshot] START
Snapshot saved: /Users/dicoangelo/projects/core/meta-vengine/data/weight-snapshots/2026-04-13.json
  Date: 2026-04-13
  Params: 48
  Promoted: False
  Avg reward: 0.0
  Reward variance: 0.0
  Exploration rate: 0.0
  Drift: 0.0
  History entries: 0
2026-04-13T07:00:05Z [weight-snapshot] END exit=0
2026-04-14T07:00:05Z [weight-snapshot] START
Snapshot saved: /Users/dicoangelo/projects/core/meta-vengine/data/weight-snapshots/2026-04-14.json
  Date: 2026-04-14
  Params: 48
  Promoted: False
  Avg reward: 0.0
  Reward variance: 0.0
  Exploration rate: 0.0
  Drift: 0.0
  History entries: 0
2026-04-14T07:00:05Z [weight-snapshot] END exit=0
2026-04-15T07:00:03Z [weight-snapshot] START
Snapshot saved: /Users/dicoangelo/projects/core/meta-vengine/data/weight-snapshots/2026-04-15.json
  Date: 2026-04-15
  Params: 48
  Promoted: False
  Avg reward: 0.0
  Reward variance: 0.0
  Exploration rate: 0.0
  Drift: 0.0
  History entries: 0
2026-04-15T07:00:04Z [weight-snapshot] END exit=0
2026-04-16T07:00:05Z [weight-snapshot] START
Snapshot saved: /Users/dicoangelo/projects/core/meta-vengine/data/weight-snapshots/2026-04-16.json
  Date: 2026-04-16
  Params: 48
  Promoted: False
  Avg reward: 0.0
  Reward variance: 0.0
  Exploration rate: 0.0
  Drift: 0.0
  History entries: 0
2026-04-16T07:00:05Z [weight-snapshot] END exit=0
2026-04-17T07:00:04Z [weight-snapshot] START
Snapshot saved: /Users/dicoangelo/projects/core/meta-vengine/data/weight-snapshots/2026-04-17.json
  Date: 2026-04-17
  Params: 48
  Promoted: False
  Avg reward: 0.0
  Reward variance: 0.0
  Exploration rate: 0.0
  Drift: 0.0
  History entries: 0
2026-04-17T07:00:04Z [weight-snapshot] END exit=0
2026-04-18T07:00:03Z [weight-snapshot] START
Snapshot saved: /Users/dicoangelo/projects/core/meta-vengine/data/weight-snapshots/2026-04-18.json
  Date: 2026-04-18
  Params: 48
  Promoted: False
  Avg reward: 0.0
  Reward variance: 0.0
  Exploration rate: 0.0
  Drift: 0.0
  History entries: 0
2026-04-18T07:00:03Z [weight-snapshot] END exit=0
2026-04-19T07:05:15Z [weight-snapshot] START
Snapshot saved: /Users/dicoangelo/projects/core/meta-vengine/data/weight-snapshots/2026-04-19.json
  Date: 2026-04-19
  Params: 48
  Promoted: False
  Avg reward: 0.0
  Reward variance: 0.0
  Exploration rate: 0.0
  Drift: 0.0
  History entries: 0
2026-04-19T07:05:15Z [weight-snapshot] END exit=0
2026-04-20T07:00:03Z [weight-snapshot] START
Snapshot saved: /Users/dicoangelo/projects/core/meta-vengine/data/weight-snapshots/2026-04-20.json
  Date: 2026-04-20
  Params: 48
  Promoted: False
  Avg reward: 0.0
  Reward variance: 0.0
  Exploration rate: 0.0
  Drift: 0.0
  History entries: 0
2026-04-20T07:00:03Z [weight-snapshot] END exit=0
2026-04-21T07:00:05Z [weight-snapshot] START
Snapshot saved: /Users/dicoangelo/projects/core/meta-vengine/data/weight-snapshots/2026-04-21.json
  Date: 2026-04-21
  Params: 48
  Promoted: False
  Avg reward: 0.0
  Reward variance: 0.0
  Exploration rate: 0.0
  Drift: 0.0
  History entries: 0
2026-04-21T07:00:05Z [weight-snapshot] END exit=0
2026-04-22T07:00:04Z [weight-snapshot] START
Snapshot saved: /Users/dicoangelo/projects/core/meta-vengine/data/weight-snapshots/2026-04-22.json
  Date: 2026-04-22
  Params: 48
  Promoted: False
  Avg reward: 0.0
  Reward variance: 0.0
  Exploration rate: 0.0
  Drift: 0.0
  History entries: 0
2026-04-22T07:00:04Z [weight-snapshot] END exit=0
2026-04-23T07:00:04Z [weight-snapshot] START
Snapshot saved: /Users/dicoangelo/projects/core/meta-vengine/data/weight-snapshots/2026-04-23.json
  Date: 2026-04-23
  Params: 48
  Promoted: False
  Avg reward: 0.0
  Reward variance: 0.0
  Exploration rate: 0.0
  Drift: 0.0
  History entries: 0
2026-04-23T07:00:04Z [weight-snapshot] END exit=0
2026-04-24T07:00:05Z [weight-snapshot] START
Snapshot saved: /Users/dicoangelo/projects/core/meta-vengine/data/weight-snapshots/2026-04-24.json
  Date: 2026-04-24
  Params: 48
  Promoted: False
  Avg reward: 0.0
  Reward variance: 0.0
  Exploration rate: 0.0
  Drift: 0.0
  History entries: 0
2026-04-24T07:00:05Z [weight-snapshot] END exit=0
2026-04-25T07:00:05Z [weight-snapshot] START
Snapshot saved: /Users/dicoangelo/projects/core/meta-vengine/data/weight-snapshots/2026-04-25.json
  Date: 2026-04-25
  Params: 48
  Promoted: False
  Avg reward: 0.0
  Reward variance: 0.0
  Exploration rate: 0.0
  Drift: 0.0
  History entries: 0
2026-04-25T07:00:05Z [weight-snapshot] END exit=0
2026-04-26T07:00:01Z [weight-snapshot] START
Snapshot saved: /Users/dicoangelo/projects/core/meta-vengine/data/weight-snapshots/2026-04-26.json
  Date: 2026-04-26
  Params: 48
  Promoted: False
  Avg reward: 0.0
  Reward variance: 0.0
  Exploration rate: 0.0
  Drift: 0.0
  History entries: 0
2026-04-26T07:00:01Z [weight-snapshot] END exit=0
2026-04-27T07:00:02Z [weight-snapshot] START
Snapshot saved: /Users/dicoangelo/projects/core/meta-vengine/data/weight-snapshots/2026-04-27.json
  Date: 2026-04-27
  Params: 48
  Promoted: False
  Avg reward: 0.0
  Reward variance: 0.0
  Exploration rate: 0.0
  Drift: 0.0
  History entries: 0
2026-04-27T07:00:02Z [weight-snapshot] END exit=0
2026-04-28T07:08:21Z [weight-snapshot] START
Snapshot saved: /Users/dicoangelo/projects/core/meta-vengine/data/weight-snapshots/2026-04-28.json
  Date: 2026-04-28
  Params: 48
  Promoted: False
  Avg reward: 0.0
  Reward variance: 0.0
  Exploration rate: 0.0
  Drift: 0.0
  History entries: 0
2026-04-28T07:08:21Z [weight-snapshot] END exit=0
2026-04-29T07:00:04Z [weight-snapshot] START
Snapshot saved: /Users/dicoangelo/projects/core/meta-vengine/data/weight-snapshots/2026-04-29.json
  Date: 2026-04-29
  Params: 48
  Promoted: False
  Avg reward: 0.0
  Reward variance: 0.0
  Exploration rate: 0.0
  Drift: 0.0
  History entries: 0
2026-04-29T07:00:04Z [weight-snapshot] END exit=0
2026-04-30T07:00:05Z [weight-snapshot] START
Snapshot saved: /Users/dicoangelo/projects/core/meta-vengine/data/weight-snapshots/2026-04-30.json
  Date: 2026-04-30
  Params: 48
  Promoted: False
  Avg reward: 0.0
  Reward variance: 0.0
  Exploration rate: 0.0
  Drift: 0.0
  History entries: 0
2026-04-30T07:00:05Z [weight-snapshot] END exit=0
2026-05-01T07:00:04Z [weight-snapshot] START
Snapshot saved: /Users/dicoangelo/projects/core/meta-vengine/data/weight-snapshots/2026-05-01.json
  Date: 2026-05-01
  Params: 48
  Promoted: False
  Avg reward: 0.0
  Reward variance: 0.0
  Exploration rate: 0.0
  Drift: 0.0
  History entries: 0
2026-05-01T07:00:04Z [weight-snapshot] END exit=0
2026-05-02T07:00:05Z [weight-snapshot] START
Snapshot saved: /Users/dicoangelo/projects/core/meta-vengine/data/weight-snapshots/2026-05-02.json
  Date: 2026-05-02
  Params: 48
  Promoted: False
  Avg reward: 0.0
  Reward variance: 0.0
  Exploration rate: 0.0
  Drift: 0.0
  History entries: 0
2026-05-02T07:00:05Z [weight-snapshot] END exit=0
2026-05-03T07:00:05Z [weight-snapshot] START
Snapshot saved: /Users/dicoangelo/projects/core/meta-vengine/data/weight-snapshots/2026-05-03.json
  Date: 2026-05-03
  Params: 48
  Promoted: False
  Avg reward: 0.0
  Reward variance: 0.0
  Exploration rate: 0.0
  Drift: 0.0
  History entries: 0
2026-05-03T07:00:06Z [weight-snapshot] END exit=0
2026-05-04T07:00:03Z [weight-snapshot] START
Snapshot saved: /Users/dicoangelo/projects/core/meta-vengine/data/weight-snapshots/2026-05-04.json
  Date: 2026-05-04
  Params: 48
  Promoted: False
  Avg reward: 0.0
  Reward variance: 0.0
  Exploration rate: 0.0
  Drift: 0.0
  History entries: 0
2026-05-04T07:00:03Z [weight-snapshot] END exit=0
2026-05-05T07:06:31Z [weight-snapshot] START
Snapshot saved: /Users/dicoangelo/projects/core/meta-vengine/data/weight-snapshots/2026-05-05.json
  Date: 2026-05-05
  Params: 48
  Promoted: False
  Avg reward: 0.0
  Reward variance: 0.0
  Exploration rate: 0.0
  Drift: 0.0
  History entries: 0
2026-05-05T07:06:32Z [weight-snapshot] END exit=0
2026-05-06T07:00:04Z [weight-snapshot] START
Snapshot saved: /Users/dicoangelo/projects/core/meta-vengine/data/weight-snapshots/2026-05-06.json
  Date: 2026-05-06
  Params: 48
  Promoted: False
  Avg reward: 0.0
  Reward variance: 0.0
  Exploration rate: 0.0
  Drift: 0.0
  History entries: 0
2026-05-06T07:00:04Z [weight-snapshot] END exit=0
2026-05-07T07:00:00Z [weight-snapshot] START
Snapshot saved: /Users/dicoangelo/projects/core/meta-vengine/data/weight-snapshots/2026-05-07.json
  Date: 2026-05-07
  Params: 48
  Promoted: False
  Avg reward: 0.0
  Reward variance: 0.0
  Exploration rate: 0.0
  Drift: 0.0
  History entries: 0
2026-05-07T07:00:00Z [weight-snapshot] END exit=0
2026-05-08T07:00:01Z [weight-snapshot] START
Snapshot saved: /Users/dicoangelo/projects/core/meta-vengine/data/weight-snapshots/2026-05-08.json
  Date: 2026-05-08
  Params: 48
  Promoted: False
  Avg reward: 0.0
  Reward variance: 0.0
  Exploration rate: 0.0
  Drift: 0.0
  History entries: 0
2026-05-08T07:00:01Z [weight-snapshot] END exit=0
2026-05-09T07:00:05Z [weight-snapshot] START
Snapshot saved: /Users/dicoangelo/projects/core/meta-vengine/data/weight-snapshots/2026-05-09.json
  Date: 2026-05-09
  Params: 48
  Promoted: False
  Avg reward: 0.0
  Reward variance: 0.0
  Exploration rate: 0.0
  Drift: 0.0
  History entries: 0
2026-05-09T07:00:05Z [weight-snapshot] END exit=0
2026-05-10T07:00:05Z [weight-snapshot] START
Snapshot saved: /Users/dicoangelo/projects/core/meta-vengine/data/weight-snapshots/2026-05-10.json
  Date: 2026-05-10
  Params: 48
  Promoted: False
  Avg reward: 0.0
  Reward variance: 0.0
  Exploration rate: 0.0
  Drift: 0.0
  History entries: 0
2026-05-10T07:00:05Z [weight-snapshot] END exit=0
2026-05-11T07:00:05Z [weight-snapshot] START
Snapshot saved: /Users/dicoangelo/projects/core/meta-vengine/data/weight-snapshots/2026-05-11.json
  Date: 2026-05-11
  Params: 48
  Promoted: False
  Avg reward: 0.0
  Reward variance: 0.0
  Exploration rate: 0.0
  Drift: 0.0
  History entries: 0
2026-05-11T07:00:05Z [weight-snapshot] END exit=0
2026-05-12T07:00:05Z [weight-snapshot] START
Snapshot saved: /Users/dicoangelo/projects/core/meta-vengine/data/weight-snapshots/2026-05-12.json
  Date: 2026-05-12
  Params: 48
  Promoted: False
  Avg reward: 0.0
  Reward variance: 0.0
  Exploration rate: 0.0
  Drift: 0.0
  History entries: 0
2026-05-12T07:00:05Z [weight-snapshot] END exit=0
2026-05-13T07:12:21Z [weight-snapshot] START
Snapshot saved: /Users/dicoangelo/projects/core/meta-vengine/data/weight-snapshots/2026-05-13.json
  Date: 2026-05-13
  Params: 48
  Promoted: False
  Avg reward: 0.0
  Reward variance: 0.0
  Exploration rate: 0.0
  Drift: 0.0
  History entries: 0
2026-05-13T07:12:22Z [weight-snapshot] END exit=0
2026-05-14T07:00:01Z [weight-snapshot] START
Snapshot saved: /Users/dicoangelo/projects/core/meta-vengine/data/weight-snapshots/2026-05-14.json
  Date: 2026-05-14
  Params: 48
  Promoted: False
  Avg reward: 0.0
  Reward variance: 0.0
  Exploration rate: 0.0
  Drift: 0.0
  History entries: 0
2026-05-14T07:00:01Z [weight-snapshot] END exit=0
2026-05-15T07:00:01Z [weight-snapshot] START
Snapshot saved: /Users/dicoangelo/projects/core/meta-vengine/data/weight-snapshots/2026-05-15.json
  Date: 2026-05-15
  Params: 48
  Promoted: False
  Avg reward: 0.0
  Reward variance: 0.0
  Exploration rate: 0.0
  Drift: 0.0
  History entries: 0
2026-05-15T07:00:01Z [weight-snapshot] END exit=0
2026-05-16T07:00:07Z [weight-snapshot] START
Snapshot saved: /Users/dicoangelo/projects/core/meta-vengine/data/weight-snapshots/2026-05-16.json
  Date: 2026-05-16
  Params: 48
  Promoted: False
  Avg reward: 0.0
  Reward variance: 0.0
  Exploration rate: 0.0
  Drift: 0.0
  History entries: 0
2026-05-16T07:00:09Z [weight-snapshot] END exit=0
2026-05-17T07:00:05Z [weight-snapshot] START
Snapshot saved: /Users/dicoangelo/projects/core/meta-vengine/data/weight-snapshots/2026-05-17.json
  Date: 2026-05-17
  Params: 48
  Promoted: False
  Avg reward: 0.0
  Reward variance: 0.0
  Exploration rate: 0.0
  Drift: 0.0
  History entries: 0
2026-05-17T07:00:05Z [weight-snapshot] END exit=0
2026-05-18T07:00:03Z [weight-snapshot] START
Snapshot saved: /Users/dicoangelo/projects/core/meta-vengine/data/weight-snapshots/2026-05-18.json
  Date: 2026-05-18
  Params: 48
  Promoted: False
  Avg reward: 0.0
  Reward variance: 0.0
  Exploration rate: 0.0
  Drift: 0.0
  History entries: 0
2026-05-18T07:00:03Z [weight-snapshot] END exit=0
2026-05-19T07:00:05Z [weight-snapshot] START
Snapshot saved: /Users/dicoangelo/projects/core/meta-vengine/data/weight-snapshots/2026-05-19.json
  Date: 2026-05-19
  Params: 48
  Promoted: False
  Avg reward: 0.0
  Reward variance: 0.0
  Exploration rate: 0.0
  Drift: 0.0
  History entries: 0
2026-05-19T07:00:05Z [weight-snapshot] END exit=0
2026-05-20T07:00:05Z [weight-snapshot] START
Snapshot saved: /Users/dicoangelo/projects/core/meta-vengine/data/weight-snapshots/2026-05-20.json
  Date: 2026-05-20
  Params: 48
  Promoted: False
  Avg reward: 0.0
  Reward variance: 0.0
  Exploration rate: 0.0
  Drift: 0.0
  History entries: 0
2026-05-20T07:00:05Z [weight-snapshot] END exit=0
2026-05-21T07:00:03Z [weight-snapshot] START
Snapshot saved: /Users/dicoangelo/projects/core/meta-vengine/data/weight-snapshots/2026-05-21.json
  Date: 2026-05-21
  Params: 48
  Promoted: False
  Avg reward: 0.0
  Reward variance: 0.0
  Exploration rate: 0.0
  Drift: 0.0
  History entries: 0
2026-05-21T07:00:03Z [weight-snapshot] END exit=0
2026-05-22T07:00:00Z [weight-snapshot] START
Snapshot saved: /Users/dicoangelo/projects/core/meta-vengine/data/weight-snapshots/2026-05-22.json
  Date: 2026-05-22
  Params: 48
  Promoted: False
  Avg reward: 0.0
  Reward variance: 0.0
  Exploration rate: 0.0
  Drift: 0.0
  History entries: 0
2026-05-22T07:00:00Z [weight-snapshot] END exit=0
2026-05-23T07:00:05Z [weight-snapshot] START
Snapshot saved: /Users/dicoangelo/projects/core/meta-vengine/data/weight-snapshots/2026-05-23.json
  Date: 2026-05-23
  Params: 48
  Promoted: False
  Avg reward: 0.0
  Reward variance: 0.0
  Exploration rate: 0.0
  Drift: 0.0
  History entries: 0
2026-05-23T07:00:05Z [weight-snapshot] END exit=0
2026-05-24T07:00:05Z [weight-snapshot] START
Snapshot saved: /Users/dicoangelo/projects/core/meta-vengine/data/weight-snapshots/2026-05-24.json
  Date: 2026-05-24
  Params: 48
  Promoted: False
  Avg reward: 0.0
  Reward variance: 0.0
  Exploration rate: 0.0
  Drift: 0.0
  History entries: 0
2026-05-24T07:00:05Z [weight-snapshot] END exit=0
2026-05-25T07:00:04Z [weight-snapshot] START
Snapshot saved: /Users/dicoangelo/projects/core/meta-vengine/data/weight-snapshots/2026-05-25.json
  Date: 2026-05-25
  Params: 48
  Promoted: False
  Avg reward: 0.0
  Reward variance: 0.0
  Exploration rate: 0.0
  Drift: 0.0
  History entries: 0
2026-05-25T07:00:05Z [weight-snapshot] END exit=0
2026-05-26T07:13:05Z [weight-snapshot] START
Snapshot saved: /Users/dicoangelo/projects/core/meta-vengine/data/weight-snapshots/2026-05-26.json
  Date: 2026-05-26
  Params: 48
  Promoted: False
  Avg reward: 0.0
  Reward variance: 0.0
  Exploration rate: 0.0
  Drift: 0.0
  History entries: 0
2026-05-26T07:13:06Z [weight-snapshot] END exit=0
2026-05-27T07:04:40Z [weight-snapshot] START
Snapshot saved: /Users/dicoangelo/projects/core/meta-vengine/data/weight-snapshots/2026-05-27.json
  Date: 2026-05-27
  Params: 48
  Promoted: False
  Avg reward: 0.0
  Reward variance: 0.0
  Exploration rate: 0.0
  Drift: 0.0
  History entries: 0
2026-05-27T07:04:40Z [weight-snapshot] END exit=0
2026-05-28T07:00:05Z [weight-snapshot] START
Snapshot saved: /Users/dicoangelo/projects/core/meta-vengine/data/weight-snapshots/2026-05-28.json
  Date: 2026-05-28
  Params: 48
  Promoted: False
  Avg reward: 0.0
  Reward variance: 0.0
  Exploration rate: 0.0
  Drift: 0.0
  History entries: 0
2026-05-28T07:00:05Z [weight-snapshot] END exit=0
2026-05-29T07:01:02Z [weight-snapshot] START
Snapshot saved: /Users/dicoangelo/projects/core/meta-vengine/data/weight-snapshots/2026-05-29.json
  Date: 2026-05-29
  Params: 48
  Promoted: False
  Avg reward: 0.0
  Reward variance: 0.0
  Exploration rate: 0.0
  Drift: 0.0
  History entries: 0
2026-05-29T07:01:03Z [weight-snapshot] END exit=0
2026-05-30T07:10:25Z [weight-snapshot] START
Snapshot saved: /Users/dicoangelo/projects/core/meta-vengine/data/weight-snapshots/2026-05-30.json
  Date: 2026-05-30
  Params: 48
  Promoted: False
  Avg reward: 0.0
  Reward variance: 0.0
  Exploration rate: 0.0
  Drift: 0.0
  History entries: 0
2026-05-30T07:10:25Z [weight-snapshot] END exit=0
2026-05-31T07:00:05Z [weight-snapshot] START
Snapshot saved: /Users/dicoangelo/projects/core/meta-vengine/data/weight-snapshots/2026-05-31.json
  Date: 2026-05-31
  Params: 48
  Promoted: False
  Avg reward: 0.0
  Reward variance: 0.0
  Exploration rate: 0.0
  Drift: 0.0
  History entries: 0
2026-05-31T07:00:05Z [weight-snapshot] END exit=0
2026-06-01T07:00:04Z [weight-snapshot] START
Snapshot saved: /Users/dicoangelo/projects/core/meta-vengine/data/weight-snapshots/2026-06-01.json
  Date: 2026-06-01
  Params: 48
  Promoted: False
  Avg reward: 0.0
  Reward variance: 0.0
  Exploration rate: 0.0
  Drift: 0.0
  History entries: 0
2026-06-01T07:00:04Z [weight-snapshot] END exit=0
2026-06-02T07:00:05Z [weight-snapshot] START
Snapshot saved: /Users/dicoangelo/projects/core/meta-vengine/data/weight-snapshots/2026-06-02.json
  Date: 2026-06-02
  Params: 48
  Promoted: False
  Avg reward: 0.0
  Reward variance: 0.0
  Exploration rate: 0.0
  Drift: 0.0
  History entries: 0
2026-06-02T07:00:05Z [weight-snapshot] END exit=0
2026-06-03T08:08:46Z [weight-snapshot] START
Snapshot saved: /Users/dicoangelo/projects/core/meta-vengine/data/weight-snapshots/2026-06-03.json
  Date: 2026-06-03
  Params: 48
  Promoted: False
  Avg reward: 0.0
  Reward variance: 0.0
  Exploration rate: 0.0
  Drift: 0.0
  History entries: 0
2026-06-03T08:08:50Z [weight-snapshot] END exit=0
2026-06-04T07:00:05Z [weight-snapshot] START
Snapshot saved: /Users/dicoangelo/projects/core/meta-vengine/data/weight-snapshots/2026-06-04.json
  Date: 2026-06-04
  Params: 48
  Promoted: False
  Avg reward: 0.0
  Reward variance: 0.0
  Exploration rate: 0.0
  Drift: 0.0
  History entries: 0
2026-06-04T07:00:05Z [weight-snapshot] END exit=0
2026-06-05T07:00:00Z [weight-snapshot] START
Snapshot saved: /Users/dicoangelo/projects/core/meta-vengine/data/weight-snapshots/2026-06-05.json
  Date: 2026-06-05
  Params: 48
  Promoted: False
  Avg reward: 0.0
  Reward variance: 0.0
  Exploration rate: 0.0
  Drift: 0.0
  History entries: 0
2026-06-05T07:00:00Z [weight-snapshot] END exit=0
2026-06-06T07:00:05Z [weight-snapshot] START
Snapshot saved: /Users/dicoangelo/projects/core/meta-vengine/data/weight-snapshots/2026-06-06.json
  Date: 2026-06-06
  Params: 48
  Promoted: False
  Avg reward: 0.0
  Reward variance: 0.0
  Exploration rate: 0.0
  Drift: 0.0
  History entries: 0
2026-06-06T07:00:05Z [weight-snapshot] END exit=0
2026-06-07T07:00:05Z [weight-snapshot] START
Snapshot saved: /Users/dicoangelo/projects/core/meta-vengine/data/weight-snapshots/2026-06-07.json
  Date: 2026-06-07
  Params: 48
  Promoted: False
  Avg reward: 0.0
  Reward variance: 0.0
  Exploration rate: 0.0
  Drift: 0.0
  History entries: 0
2026-06-07T07:00:05Z [weight-snapshot] END exit=0
2026-06-08T07:00:00Z [weight-snapshot] START
Snapshot saved: /Users/dicoangelo/projects/core/meta-vengine/data/weight-snapshots/2026-06-08.json
  Date: 2026-06-08
  Params: 48
  Promoted: False
  Avg reward: 0.0
  Reward variance: 0.0
  Exploration rate: 0.0
  Drift: 0.0
  History entries: 0
2026-06-08T07:00:01Z [weight-snapshot] END exit=0
2026-06-09T07:00:05Z [weight-snapshot] START
Snapshot saved: /Users/dicoangelo/projects/core/meta-vengine/data/weight-snapshots/2026-06-09.json
  Date: 2026-06-09
  Params: 48
  Promoted: False
  Avg reward: 0.0
  Reward variance: 0.0
  Exploration rate: 0.0
  Drift: 0.0
  History entries: 0
2026-06-09T07:00:05Z [weight-snapshot] END exit=0
2026-06-10T07:00:05Z [weight-snapshot] START
Snapshot saved: /Users/dicoangelo/projects/core/meta-vengine/data/weight-snapshots/2026-06-10.json
  Date: 2026-06-10
  Params: 48
  Promoted: False
  Avg reward: 0.0
  Reward variance: 0.0
  Exploration rate: 0.0
  Drift: 0.0
  History entries: 0
2026-06-10T07:00:05Z [weight-snapshot] END exit=0
2026-06-11T07:05:54Z [weight-snapshot] START
Snapshot saved: /Users/dicoangelo/projects/core/meta-vengine/data/weight-snapshots/2026-06-11.json
  Date: 2026-06-11
  Params: 48
  Promoted: False
  Avg reward: 0.0
  Reward variance: 0.0
  Exploration rate: 0.0
  Drift: 0.0
  History entries: 0
2026-06-11T07:05:54Z [weight-snapshot] END exit=0
2026-06-12T07:00:04Z [weight-snapshot] START
Snapshot saved: /Users/dicoangelo/projects/core/meta-vengine/data/weight-snapshots/2026-06-12.json
  Date: 2026-06-12
  Params: 48
  Promoted: False
  Avg reward: 0.0
  Reward variance: 0.0
  Exploration rate: 0.0
  Drift: 0.0
  History entries: 0
2026-06-12T07:00:05Z [weight-snapshot] END exit=0
2026-06-13T07:04:06Z [weight-snapshot] START
Snapshot saved: /Users/dicoangelo/projects/core/meta-vengine/data/weight-snapshots/2026-06-13.json
  Date: 2026-06-13
  Params: 48
  Promoted: False
  Avg reward: 0.0
  Reward variance: 0.0
  Exploration rate: 0.0
  Drift: 0.0
  History entries: 0
2026-06-13T07:04:06Z [weight-snapshot] END exit=0
2026-06-14T07:00:01Z [weight-snapshot] START
Snapshot saved: /Users/dicoangelo/projects/core/meta-vengine/data/weight-snapshots/2026-06-14.json
  Date: 2026-06-14
  Params: 48
  Promoted: False
  Avg reward: 0.0
  Reward variance: 0.0
  Exploration rate: 0.0
  Drift: 0.0
  History entries: 0
2026-06-14T07:00:01Z [weight-snapshot] END exit=0
2026-06-15T07:00:05Z [weight-snapshot] START
Snapshot saved: /Users/dicoangelo/projects/core/meta-vengine/data/weight-snapshots/2026-06-15.json
  Date: 2026-06-15
  Params: 48
  Promoted: False
  Avg reward: 0.0
  Reward variance: 0.0
  Exploration rate: 0.0
  Drift: 0.0
  History entries: 0
  Pruned 1 old snapshots
2026-06-15T07:00:05Z [weight-snapshot] END exit=0
2026-06-16T07:10:07Z [weight-snapshot] START
Snapshot saved: /Users/dicoangelo/projects/core/meta-vengine/data/weight-snapshots/2026-06-16.json
  Date: 2026-06-16
  Params: 48
  Promoted: False
  Avg reward: 0.0
  Reward variance: 0.0
  Exploration rate: 0.0
  Drift: 0.0
  History entries: 0
2026-06-16T07:10:07Z [weight-snapshot] END exit=0
2026-06-17T07:03:32Z [weight-snapshot] START
Snapshot saved: /Users/dicoangelo/projects/core/meta-vengine/data/weight-snapshots/2026-06-17.json
  Date: 2026-06-17
  Params: 48
  Promoted: False
  Avg reward: 0.0
  Reward variance: 0.0
  Exploration rate: 0.0
  Drift: 0.0
  History entries: 0
  Pruned 1 old snapshots
2026-06-17T07:03:32Z [weight-snapshot] END exit=0
2026-06-18T07:00:04Z [weight-snapshot] START
Snapshot saved: /Users/dicoangelo/projects/core/meta-vengine/data/weight-snapshots/2026-06-18.json
  Date: 2026-06-18
  Params: 48
  Promoted: False
  Avg reward: 0.0
  Reward variance: 0.0
  Exploration rate: 0.0
  Drift: 0.0
  History entries: 0
  Pruned 1 old snapshots
2026-06-18T07:00:04Z [weight-snapshot] END exit=0
2026-06-19T07:08:51Z [weight-snapshot] START
Snapshot saved: /Users/dicoangelo/projects/core/meta-vengine/data/weight-snapshots/2026-06-19.json
  Date: 2026-06-19
  Params: 48
  Promoted: False
  Avg reward: 0.0
  Reward variance: 0.0
  Exploration rate: 0.0
  Drift: 0.0
  History entries: 0
  Pruned 1 old snapshots
2026-06-19T07:08:51Z [weight-snapshot] END exit=0
2026-06-20T07:11:26Z [weight-snapshot] START
Snapshot saved: /Users/dicoangelo/projects/core/meta-vengine/data/weight-snapshots/2026-06-20.json
  Date: 2026-06-20
  Params: 48
  Promoted: False
  Avg reward: 0.0
  Reward variance: 0.0
  Exploration rate: 0.0
  Drift: 0.0
  History entries: 0
  Pruned 1 old snapshots
2026-06-20T07:11:26Z [weight-snapshot] END exit=0
